../Core/Src/main.c:151:6:lcd_send_data	32	static
../Core/Src/main.c:177:6:lcd_send_cmd	32	static
../Core/Src/main.c:203:6:lcd_init	8	static
../Core/Src/main.c:241:6:lcd_clear	8	static
../Core/Src/main.c:249:6:lcd_set_cursor	24	static
../Core/Src/main.c:269:6:lcd_send_string	16	static
../Core/Src/main.c:297:5:main	16	static
../Core/Src/main.c:435:6:SystemClock_Config	96	static
../Core/Src/main.c:535:13:MX_I2C1_Init	8	static
../Core/Src/main.c:631:13:MX_USART1_UART_Init	8	static
../Core/Src/main.c:701:13:MX_GPIO_Init	24	static
../Core/Src/main.c:749:6:Error_Handler	4	static,ignoring_inline_asm
