C:/Users/Admin/STM32Cube/Repository/STM32Cube_FW_L4_V1.18.2/Projects/B-L475E-IOT01A/Applications/WiFi/WiFi_HTTP_Server/Src/main.c:79:5:main	8	static
C:/Users/Admin/STM32Cube/Repository/STM32Cube_FW_L4_V1.18.2/Projects/B-L475E-IOT01A/Applications/WiFi/WiFi_HTTP_Server/Src/main.c:126:12:wifi_start	40	static
C:/Users/Admin/STM32Cube/Repository/STM32Cube_FW_L4_V1.18.2/Projects/B-L475E-IOT01A/Applications/WiFi/WiFi_HTTP_Server/Src/main.c:159:5:wifi_connect	16	static
C:/Users/Admin/STM32Cube/Repository/STM32Cube_FW_L4_V1.18.2/Projects/B-L475E-IOT01A/Applications/WiFi/WiFi_HTTP_Server/Src/main.c:189:5:wifi_server	40	static
C:/Users/Admin/STM32Cube/Repository/STM32Cube_FW_L4_V1.18.2/Projects/B-L475E-IOT01A/Applications/WiFi/WiFi_HTTP_Server/Src/main.c:238:13:WebServerProcess	32	static
C:/Users/Admin/STM32Cube/Repository/STM32Cube_FW_L4_V1.18.2/Projects/B-L475E-IOT01A/Applications/WiFi/WiFi_HTTP_Server/Src/main.c:317:22:SendWebPage	2088	static
C:/Users/Admin/STM32Cube/Repository/STM32Cube_FW_L4_V1.18.2/Projects/B-L475E-IOT01A/Applications/WiFi/WiFi_HTTP_Server/Src/main.c:424:13:SystemClock_Config	96	static
C:/Users/Admin/STM32Cube/Repository/STM32Cube_FW_L4_V1.18.2/Projects/B-L475E-IOT01A/Applications/WiFi/WiFi_HTTP_Server/Src/main.c:467:1:__io_putchar	16	static
C:/Users/Admin/STM32Cube/Repository/STM32Cube_FW_L4_V1.18.2/Projects/B-L475E-IOT01A/Applications/WiFi/WiFi_HTTP_Server/Src/main.c:503:6:HAL_GPIO_EXTI_Callback	16	static
C:/Users/Admin/STM32Cube/Repository/STM32Cube_FW_L4_V1.18.2/Projects/B-L475E-IOT01A/Applications/WiFi/WiFi_HTTP_Server/Src/main.c:524:6:SPI3_IRQHandler	8	static
