C:/Users/Admin/STM32Cube/Repository/STM32Cube_FW_L4_V1.18.2/Projects/B-L475E-IOT01A/Applications/WiFi/WiFi_HTTP_Server/Src/main.c:79:5:main	1
C:/Users/Admin/STM32Cube/Repository/STM32Cube_FW_L4_V1.18.2/Projects/B-L475E-IOT01A/Applications/WiFi/WiFi_HTTP_Server/Src/main.c:126:12:wifi_start	3
C:/Users/Admin/STM32Cube/Repository/STM32Cube_FW_L4_V1.18.2/Projects/B-L475E-IOT01A/Applications/WiFi/WiFi_HTTP_Server/Src/main.c:159:5:wifi_connect	3
C:/Users/Admin/STM32Cube/Repository/STM32Cube_FW_L4_V1.18.2/Projects/B-L475E-IOT01A/Applications/WiFi/WiFi_HTTP_Server/Src/main.c:189:5:wifi_server	7
C:/Users/Admin/STM32Cube/Repository/STM32Cube_FW_L4_V1.18.2/Projects/B-L475E-IOT01A/Applications/WiFi/WiFi_HTTP_Server/Src/main.c:238:13:WebServerProcess	13
C:/Users/Admin/STM32Cube/Repository/STM32Cube_FW_L4_V1.18.2/Projects/B-L475E-IOT01A/Applications/WiFi/WiFi_HTTP_Server/Src/main.c:317:22:SendWebPage	4
C:/Users/Admin/STM32Cube/Repository/STM32Cube_FW_L4_V1.18.2/Projects/B-L475E-IOT01A/Applications/WiFi/WiFi_HTTP_Server/Src/main.c:424:13:SystemClock_Config	3
C:/Users/Admin/STM32Cube/Repository/STM32Cube_FW_L4_V1.18.2/Projects/B-L475E-IOT01A/Applications/WiFi/WiFi_HTTP_Server/Src/main.c:467:1:__io_putchar	1
C:/Users/Admin/STM32Cube/Repository/STM32Cube_FW_L4_V1.18.2/Projects/B-L475E-IOT01A/Applications/WiFi/WiFi_HTTP_Server/Src/main.c:503:6:HAL_GPIO_EXTI_Callback	2
C:/Users/Admin/STM32Cube/Repository/STM32Cube_FW_L4_V1.18.2/Projects/B-L475E-IOT01A/Applications/WiFi/WiFi_HTTP_Server/Src/main.c:524:6:SPI3_IRQHandler	1
